TimeQuest Timing Analyzer report for addr_decode
Mon Oct 08 16:30:43 2012
Quartus II 32-bit Version 12.0 Build 178 05/31/2012 SJ Web Edition


---------------------
; Table of Contents ;
---------------------
  1. Legal Notice
  2. TimeQuest Timing Analyzer Summary
  3. Parallel Compilation
  4. Clocks
  5. Slow Model Fmax Summary
  6. Slow Model Setup Summary
  7. Slow Model Hold Summary
  8. Slow Model Recovery Summary
  9. Slow Model Removal Summary
 10. Slow Model Minimum Pulse Width Summary
 11. Propagation Delay
 12. Minimum Propagation Delay
 13. Fast Model Setup Summary
 14. Fast Model Hold Summary
 15. Fast Model Recovery Summary
 16. Fast Model Removal Summary
 17. Fast Model Minimum Pulse Width Summary
 18. Propagation Delay
 19. Minimum Propagation Delay
 20. Multicorner Timing Analysis Summary
 21. Progagation Delay
 22. Minimum Progagation Delay
 23. Clock Transfers
 24. Report TCCS
 25. Report RSKM
 26. Unconstrained Paths
 27. TimeQuest Timing Analyzer Messages



----------------
; Legal Notice ;
----------------
Copyright (C) 1991-2012 Altera Corporation
Your use of Altera Corporation's design tools, logic functions 
and other software and tools, and its AMPP partner logic 
functions, and any output files from any of the foregoing 
(including device programming or simulation files), and any 
associated documentation or information are expressly subject 
to the terms and conditions of the Altera Program License 
Subscription Agreement, Altera MegaCore Function License 
Agreement, or other applicable license agreement, including, 
without limitation, that your use is for the sole purpose of 
programming logic devices manufactured by Altera and sold by 
Altera or its authorized distributors.  Please refer to the 
applicable agreement for further details.



+-----------------------------------------------------------------------+
; TimeQuest Timing Analyzer Summary                                     ;
+--------------------+--------------------------------------------------+
; Quartus II Version ; Version 12.0 Build 178 05/31/2012 SJ Web Edition ;
; Revision Name      ; addr_decode                                      ;
; Device Family      ; Cyclone II                                       ;
; Device Name        ; EP2C35F672C6                                     ;
; Timing Models      ; Final                                            ;
; Delay Model        ; Combined                                         ;
; Rise/Fall Delays   ; Unavailable                                      ;
+--------------------+--------------------------------------------------+


Parallel compilation was disabled, but you have multiple processors available. Enable parallel compilation to reduce compilation time.
+-------------------------------------+
; Parallel Compilation                ;
+----------------------------+--------+
; Processors                 ; Number ;
+----------------------------+--------+
; Number detected on machine ; 8      ;
; Maximum allowed            ; 1      ;
+----------------------------+--------+


----------
; Clocks ;
----------
No clocks to report.


---------------------------
; Slow Model Fmax Summary ;
---------------------------
No paths to report.


----------------------------
; Slow Model Setup Summary ;
----------------------------
No paths to report.


---------------------------
; Slow Model Hold Summary ;
---------------------------
No paths to report.


-------------------------------
; Slow Model Recovery Summary ;
-------------------------------
No paths to report.


------------------------------
; Slow Model Removal Summary ;
------------------------------
No paths to report.


------------------------------------------
; Slow Model Minimum Pulse Width Summary ;
------------------------------------------
No paths to report.


+--------------------------------------------------------------+
; Propagation Delay                                            ;
+------------+-------------+--------+--------+--------+--------+
; Input Port ; Output Port ; RR     ; RF     ; FR     ; FF     ;
+------------+-------------+--------+--------+--------+--------+
; DA[0]      ; I_O_A[0]    ;        ; 14.354 ; 14.354 ;        ;
; DA[0]      ; I_O_A[1]    ; 13.947 ;        ;        ; 13.947 ;
; DA[0]      ; I_O_A[2]    ;        ; 12.522 ; 12.522 ;        ;
; DA[0]      ; I_O_A[3]    ; 11.932 ;        ;        ; 11.932 ;
; DA[0]      ; I_O_A[4]    ;        ; 12.416 ; 12.416 ;        ;
; DA[0]      ; I_O_A[5]    ; 12.852 ;        ;        ; 12.852 ;
; DA[0]      ; I_O_A[6]    ;        ; 14.579 ; 14.579 ;        ;
; DA[0]      ; I_O_A[7]    ; 14.501 ;        ;        ; 14.501 ;
; DA[0]      ; MA[0]       ; 10.895 ;        ;        ; 10.895 ;
; DA[1]      ; I_O_A[0]    ;        ; 12.700 ; 12.700 ;        ;
; DA[1]      ; I_O_A[1]    ;        ; 11.987 ; 11.987 ;        ;
; DA[1]      ; I_O_A[2]    ; 10.891 ;        ;        ; 10.891 ;
; DA[1]      ; I_O_A[3]    ; 9.998  ;        ;        ; 9.998  ;
; DA[1]      ; I_O_A[4]    ;        ; 10.774 ; 10.774 ;        ;
; DA[1]      ; I_O_A[5]    ;        ; 10.896 ; 10.896 ;        ;
; DA[1]      ; I_O_A[6]    ; 12.949 ;        ;        ; 12.949 ;
; DA[1]      ; I_O_A[7]    ; 12.565 ;        ;        ; 12.565 ;
; DA[1]      ; MA[1]       ; 13.117 ;        ;        ; 13.117 ;
; DA[2]      ; I_O_A[0]    ;        ; 12.829 ; 12.829 ;        ;
; DA[2]      ; I_O_A[1]    ;        ; 12.111 ; 12.111 ;        ;
; DA[2]      ; I_O_A[2]    ;        ; 11.002 ; 11.002 ;        ;
; DA[2]      ; I_O_A[3]    ;        ; 10.105 ; 10.105 ;        ;
; DA[2]      ; I_O_A[4]    ; 10.899 ;        ;        ; 10.899 ;
; DA[2]      ; I_O_A[5]    ; 11.023 ;        ;        ; 11.023 ;
; DA[2]      ; I_O_A[6]    ; 13.052 ;        ;        ; 13.052 ;
; DA[2]      ; I_O_A[7]    ; 12.667 ;        ;        ; 12.667 ;
; DA[2]      ; MA[2]       ; 11.938 ;        ;        ; 11.938 ;
; DA[3]      ; I_O_A[0]    ; 14.107 ;        ;        ; 14.107 ;
; DA[3]      ; I_O_A[1]    ; 13.677 ;        ;        ; 13.677 ;
; DA[3]      ; I_O_A[2]    ; 12.275 ;        ;        ; 12.275 ;
; DA[3]      ; I_O_A[3]    ; 11.662 ;        ;        ; 11.662 ;
; DA[3]      ; I_O_A[4]    ; 12.169 ;        ;        ; 12.169 ;
; DA[3]      ; I_O_A[5]    ; 12.582 ;        ;        ; 12.582 ;
; DA[3]      ; I_O_A[6]    ; 14.332 ;        ;        ; 14.332 ;
; DA[3]      ; I_O_A[7]    ; 14.231 ;        ;        ; 14.231 ;
; DA[3]      ; MA[0]       ;        ; 9.937  ; 9.937  ;        ;
; DA[3]      ; MA[1]       ;        ; 12.694 ; 12.694 ;        ;
; DA[3]      ; MA[2]       ;        ; 11.572 ; 11.572 ;        ;
; DA[3]      ; MA[3]       ; 12.990 ; 12.602 ; 12.602 ; 12.990 ;
; DA[3]      ; MA[4]       ;        ; 10.333 ; 10.333 ;        ;
; DA[3]      ; MA[5]       ;        ; 13.155 ; 13.155 ;        ;
; DA[3]      ; MA[6]       ;        ; 10.584 ; 10.584 ;        ;
; DA[3]      ; MA[7]       ;        ; 10.295 ; 10.295 ;        ;
; DA[4]      ; I_O_A[0]    ; 14.115 ;        ;        ; 14.115 ;
; DA[4]      ; I_O_A[1]    ; 13.685 ;        ;        ; 13.685 ;
; DA[4]      ; I_O_A[2]    ; 12.283 ;        ;        ; 12.283 ;
; DA[4]      ; I_O_A[3]    ; 11.670 ;        ;        ; 11.670 ;
; DA[4]      ; I_O_A[4]    ; 12.177 ;        ;        ; 12.177 ;
; DA[4]      ; I_O_A[5]    ; 12.590 ;        ;        ; 12.590 ;
; DA[4]      ; I_O_A[6]    ; 14.340 ;        ;        ; 14.340 ;
; DA[4]      ; I_O_A[7]    ; 14.239 ;        ;        ; 14.239 ;
; DA[4]      ; MA[0]       ;        ; 9.945  ; 9.945  ;        ;
; DA[4]      ; MA[1]       ;        ; 12.702 ; 12.702 ;        ;
; DA[4]      ; MA[2]       ;        ; 11.580 ; 11.580 ;        ;
; DA[4]      ; MA[3]       ;        ; 12.610 ; 12.610 ;        ;
; DA[4]      ; MA[4]       ; 10.349 ; 10.341 ; 10.341 ; 10.349 ;
; DA[4]      ; MA[5]       ;        ; 13.163 ; 13.163 ;        ;
; DA[4]      ; MA[6]       ;        ; 10.592 ; 10.592 ;        ;
; DA[4]      ; MA[7]       ;        ; 10.303 ; 10.303 ;        ;
; DA[5]      ; I_O_A[0]    ; 15.316 ;        ;        ; 15.316 ;
; DA[5]      ; I_O_A[1]    ; 14.886 ;        ;        ; 14.886 ;
; DA[5]      ; I_O_A[2]    ; 13.484 ;        ;        ; 13.484 ;
; DA[5]      ; I_O_A[3]    ; 12.871 ;        ;        ; 12.871 ;
; DA[5]      ; I_O_A[4]    ; 13.378 ;        ;        ; 13.378 ;
; DA[5]      ; I_O_A[5]    ; 13.791 ;        ;        ; 13.791 ;
; DA[5]      ; I_O_A[6]    ; 15.541 ;        ;        ; 15.541 ;
; DA[5]      ; I_O_A[7]    ; 15.440 ;        ;        ; 15.440 ;
; DA[5]      ; MA[0]       ;        ; 11.146 ; 11.146 ;        ;
; DA[5]      ; MA[1]       ;        ; 13.903 ; 13.903 ;        ;
; DA[5]      ; MA[2]       ;        ; 12.781 ; 12.781 ;        ;
; DA[5]      ; MA[3]       ;        ; 13.811 ; 13.811 ;        ;
; DA[5]      ; MA[4]       ;        ; 11.542 ; 11.542 ;        ;
; DA[5]      ; MA[5]       ; 13.551 ; 14.364 ; 14.364 ; 13.551 ;
; DA[5]      ; MA[6]       ;        ; 11.793 ; 11.793 ;        ;
; DA[5]      ; MA[7]       ;        ; 11.504 ; 11.504 ;        ;
; DA[6]      ; I_O_A[0]    ; 14.191 ;        ;        ; 14.191 ;
; DA[6]      ; I_O_A[1]    ; 13.761 ;        ;        ; 13.761 ;
; DA[6]      ; I_O_A[2]    ; 12.359 ;        ;        ; 12.359 ;
; DA[6]      ; I_O_A[3]    ; 11.746 ;        ;        ; 11.746 ;
; DA[6]      ; I_O_A[4]    ; 12.253 ;        ;        ; 12.253 ;
; DA[6]      ; I_O_A[5]    ; 12.666 ;        ;        ; 12.666 ;
; DA[6]      ; I_O_A[6]    ; 14.416 ;        ;        ; 14.416 ;
; DA[6]      ; I_O_A[7]    ; 14.315 ;        ;        ; 14.315 ;
; DA[6]      ; MA[0]       ;        ; 10.021 ; 10.021 ;        ;
; DA[6]      ; MA[1]       ;        ; 12.778 ; 12.778 ;        ;
; DA[6]      ; MA[2]       ;        ; 11.656 ; 11.656 ;        ;
; DA[6]      ; MA[3]       ;        ; 12.686 ; 12.686 ;        ;
; DA[6]      ; MA[4]       ;        ; 10.417 ; 10.417 ;        ;
; DA[6]      ; MA[5]       ;        ; 13.239 ; 13.239 ;        ;
; DA[6]      ; MA[6]       ; 9.711  ; 10.668 ; 10.668 ; 9.711  ;
; DA[6]      ; MA[7]       ;        ; 10.379 ; 10.379 ;        ;
; DA[7]      ; I_O_A[0]    ; 10.046 ;        ;        ; 10.046 ;
; DA[7]      ; I_O_A[1]    ; 9.615  ;        ;        ; 9.615  ;
; DA[7]      ; I_O_A[2]    ; 8.214  ;        ;        ; 8.214  ;
; DA[7]      ; I_O_A[3]    ; 7.600  ;        ;        ; 7.600  ;
; DA[7]      ; I_O_A[4]    ; 8.108  ;        ;        ; 8.108  ;
; DA[7]      ; I_O_A[5]    ; 8.520  ;        ;        ; 8.520  ;
; DA[7]      ; I_O_A[6]    ; 10.271 ;        ;        ; 10.271 ;
; DA[7]      ; I_O_A[7]    ; 10.169 ;        ;        ; 10.169 ;
; DA[7]      ; MA[0]       ;        ; 5.874  ; 5.874  ;        ;
; DA[7]      ; MA[1]       ;        ; 8.493  ; 8.493  ;        ;
; DA[7]      ; MA[2]       ;        ; 7.372  ; 7.372  ;        ;
; DA[7]      ; MA[3]       ;        ; 8.537  ; 8.537  ;        ;
; DA[7]      ; MA[4]       ;        ; 6.127  ; 6.127  ;        ;
; DA[7]      ; MA[5]       ;        ; 9.093  ; 9.093  ;        ;
; DA[7]      ; MA[6]       ;        ; 6.522  ; 6.522  ;        ;
; DA[7]      ; MA[7]       ; 6.100  ;        ;        ; 6.100  ;
; IA[0]      ; MA[0]       ; 10.585 ;        ;        ; 10.585 ;
; IA[1]      ; MA[1]       ; 13.067 ;        ;        ; 13.067 ;
; IA[2]      ; MA[2]       ; 11.643 ;        ;        ; 11.643 ;
; IA[3]      ; MA[3]       ; 13.024 ;        ;        ; 13.024 ;
; IA[4]      ; MA[4]       ; 10.204 ;        ;        ; 10.204 ;
; IA[5]      ; MA[5]       ; 12.673 ;        ;        ; 12.673 ;
; IA[6]      ; MA[6]       ; 9.650  ;        ;        ; 9.650  ;
; IA[7]      ; MA[7]       ; 10.793 ;        ;        ; 10.793 ;
; sel        ; I_O_A[0]    ; 10.356 ;        ;        ; 10.356 ;
; sel        ; I_O_A[1]    ; 9.937  ;        ;        ; 9.937  ;
; sel        ; I_O_A[2]    ; 8.524  ;        ;        ; 8.524  ;
; sel        ; I_O_A[3]    ; 7.922  ;        ;        ; 7.922  ;
; sel        ; I_O_A[4]    ; 8.418  ;        ;        ; 8.418  ;
; sel        ; I_O_A[5]    ; 8.842  ;        ;        ; 8.842  ;
; sel        ; I_O_A[6]    ; 10.581 ;        ;        ; 10.581 ;
; sel        ; I_O_A[7]    ; 10.491 ;        ;        ; 10.491 ;
; sel        ; MA[0]       ; 6.709  ; 6.709  ; 6.709  ; 6.709  ;
; sel        ; MA[1]       ; 9.833  ; 9.833  ; 9.833  ; 9.833  ;
; sel        ; MA[2]       ; 8.062  ; 8.062  ; 8.062  ; 8.062  ;
; sel        ; MA[3]       ; 9.424  ; 9.424  ; 9.424  ; 9.424  ;
; sel        ; MA[4]       ; 7.174  ; 7.174  ; 7.174  ; 7.174  ;
; sel        ; MA[5]       ; 9.448  ; 8.867  ; 8.867  ; 9.448  ;
; sel        ; MA[6]       ; 6.877  ; 6.310  ; 6.310  ; 6.877  ;
; sel        ; MA[7]       ; 6.432  ; 6.432  ; 6.432  ; 6.432  ;
+------------+-------------+--------+--------+--------+--------+


+--------------------------------------------------------------+
; Minimum Propagation Delay                                    ;
+------------+-------------+--------+--------+--------+--------+
; Input Port ; Output Port ; RR     ; RF     ; FR     ; FF     ;
+------------+-------------+--------+--------+--------+--------+
; DA[0]      ; I_O_A[0]    ;        ; 14.354 ; 14.354 ;        ;
; DA[0]      ; I_O_A[1]    ; 13.947 ;        ;        ; 13.947 ;
; DA[0]      ; I_O_A[2]    ;        ; 12.522 ; 12.522 ;        ;
; DA[0]      ; I_O_A[3]    ; 11.932 ;        ;        ; 11.932 ;
; DA[0]      ; I_O_A[4]    ;        ; 12.416 ; 12.416 ;        ;
; DA[0]      ; I_O_A[5]    ; 12.852 ;        ;        ; 12.852 ;
; DA[0]      ; I_O_A[6]    ;        ; 14.579 ; 14.579 ;        ;
; DA[0]      ; I_O_A[7]    ; 14.501 ;        ;        ; 14.501 ;
; DA[0]      ; MA[0]       ; 10.895 ;        ;        ; 10.895 ;
; DA[1]      ; I_O_A[0]    ;        ; 12.700 ; 12.700 ;        ;
; DA[1]      ; I_O_A[1]    ;        ; 11.987 ; 11.987 ;        ;
; DA[1]      ; I_O_A[2]    ; 10.891 ;        ;        ; 10.891 ;
; DA[1]      ; I_O_A[3]    ; 9.998  ;        ;        ; 9.998  ;
; DA[1]      ; I_O_A[4]    ;        ; 10.774 ; 10.774 ;        ;
; DA[1]      ; I_O_A[5]    ;        ; 10.896 ; 10.896 ;        ;
; DA[1]      ; I_O_A[6]    ; 12.949 ;        ;        ; 12.949 ;
; DA[1]      ; I_O_A[7]    ; 12.565 ;        ;        ; 12.565 ;
; DA[1]      ; MA[1]       ; 13.117 ;        ;        ; 13.117 ;
; DA[2]      ; I_O_A[0]    ;        ; 12.829 ; 12.829 ;        ;
; DA[2]      ; I_O_A[1]    ;        ; 12.111 ; 12.111 ;        ;
; DA[2]      ; I_O_A[2]    ;        ; 11.002 ; 11.002 ;        ;
; DA[2]      ; I_O_A[3]    ;        ; 10.105 ; 10.105 ;        ;
; DA[2]      ; I_O_A[4]    ; 10.899 ;        ;        ; 10.899 ;
; DA[2]      ; I_O_A[5]    ; 11.023 ;        ;        ; 11.023 ;
; DA[2]      ; I_O_A[6]    ; 13.052 ;        ;        ; 13.052 ;
; DA[2]      ; I_O_A[7]    ; 12.667 ;        ;        ; 12.667 ;
; DA[2]      ; MA[2]       ; 11.938 ;        ;        ; 11.938 ;
; DA[3]      ; I_O_A[0]    ; 14.107 ;        ;        ; 14.107 ;
; DA[3]      ; I_O_A[1]    ; 13.677 ;        ;        ; 13.677 ;
; DA[3]      ; I_O_A[2]    ; 12.275 ;        ;        ; 12.275 ;
; DA[3]      ; I_O_A[3]    ; 11.662 ;        ;        ; 11.662 ;
; DA[3]      ; I_O_A[4]    ; 12.169 ;        ;        ; 12.169 ;
; DA[3]      ; I_O_A[5]    ; 12.582 ;        ;        ; 12.582 ;
; DA[3]      ; I_O_A[6]    ; 14.332 ;        ;        ; 14.332 ;
; DA[3]      ; I_O_A[7]    ; 14.231 ;        ;        ; 14.231 ;
; DA[3]      ; MA[0]       ;        ; 9.937  ; 9.937  ;        ;
; DA[3]      ; MA[1]       ;        ; 12.694 ; 12.694 ;        ;
; DA[3]      ; MA[2]       ;        ; 11.572 ; 11.572 ;        ;
; DA[3]      ; MA[3]       ; 12.990 ; 12.602 ; 12.602 ; 12.990 ;
; DA[3]      ; MA[4]       ;        ; 10.333 ; 10.333 ;        ;
; DA[3]      ; MA[5]       ;        ; 13.155 ; 13.155 ;        ;
; DA[3]      ; MA[6]       ;        ; 10.584 ; 10.584 ;        ;
; DA[3]      ; MA[7]       ;        ; 10.295 ; 10.295 ;        ;
; DA[4]      ; I_O_A[0]    ; 14.115 ;        ;        ; 14.115 ;
; DA[4]      ; I_O_A[1]    ; 13.685 ;        ;        ; 13.685 ;
; DA[4]      ; I_O_A[2]    ; 12.283 ;        ;        ; 12.283 ;
; DA[4]      ; I_O_A[3]    ; 11.670 ;        ;        ; 11.670 ;
; DA[4]      ; I_O_A[4]    ; 12.177 ;        ;        ; 12.177 ;
; DA[4]      ; I_O_A[5]    ; 12.590 ;        ;        ; 12.590 ;
; DA[4]      ; I_O_A[6]    ; 14.340 ;        ;        ; 14.340 ;
; DA[4]      ; I_O_A[7]    ; 14.239 ;        ;        ; 14.239 ;
; DA[4]      ; MA[0]       ;        ; 9.945  ; 9.945  ;        ;
; DA[4]      ; MA[1]       ;        ; 12.702 ; 12.702 ;        ;
; DA[4]      ; MA[2]       ;        ; 11.580 ; 11.580 ;        ;
; DA[4]      ; MA[3]       ;        ; 12.610 ; 12.610 ;        ;
; DA[4]      ; MA[4]       ; 10.349 ; 10.341 ; 10.341 ; 10.349 ;
; DA[4]      ; MA[5]       ;        ; 13.163 ; 13.163 ;        ;
; DA[4]      ; MA[6]       ;        ; 10.592 ; 10.592 ;        ;
; DA[4]      ; MA[7]       ;        ; 10.303 ; 10.303 ;        ;
; DA[5]      ; I_O_A[0]    ; 15.316 ;        ;        ; 15.316 ;
; DA[5]      ; I_O_A[1]    ; 14.886 ;        ;        ; 14.886 ;
; DA[5]      ; I_O_A[2]    ; 13.484 ;        ;        ; 13.484 ;
; DA[5]      ; I_O_A[3]    ; 12.871 ;        ;        ; 12.871 ;
; DA[5]      ; I_O_A[4]    ; 13.378 ;        ;        ; 13.378 ;
; DA[5]      ; I_O_A[5]    ; 13.791 ;        ;        ; 13.791 ;
; DA[5]      ; I_O_A[6]    ; 15.541 ;        ;        ; 15.541 ;
; DA[5]      ; I_O_A[7]    ; 15.440 ;        ;        ; 15.440 ;
; DA[5]      ; MA[0]       ;        ; 11.146 ; 11.146 ;        ;
; DA[5]      ; MA[1]       ;        ; 13.903 ; 13.903 ;        ;
; DA[5]      ; MA[2]       ;        ; 12.781 ; 12.781 ;        ;
; DA[5]      ; MA[3]       ;        ; 13.811 ; 13.811 ;        ;
; DA[5]      ; MA[4]       ;        ; 11.542 ; 11.542 ;        ;
; DA[5]      ; MA[5]       ; 13.551 ; 14.364 ; 14.364 ; 13.551 ;
; DA[5]      ; MA[6]       ;        ; 11.793 ; 11.793 ;        ;
; DA[5]      ; MA[7]       ;        ; 11.504 ; 11.504 ;        ;
; DA[6]      ; I_O_A[0]    ; 14.191 ;        ;        ; 14.191 ;
; DA[6]      ; I_O_A[1]    ; 13.761 ;        ;        ; 13.761 ;
; DA[6]      ; I_O_A[2]    ; 12.359 ;        ;        ; 12.359 ;
; DA[6]      ; I_O_A[3]    ; 11.746 ;        ;        ; 11.746 ;
; DA[6]      ; I_O_A[4]    ; 12.253 ;        ;        ; 12.253 ;
; DA[6]      ; I_O_A[5]    ; 12.666 ;        ;        ; 12.666 ;
; DA[6]      ; I_O_A[6]    ; 14.416 ;        ;        ; 14.416 ;
; DA[6]      ; I_O_A[7]    ; 14.315 ;        ;        ; 14.315 ;
; DA[6]      ; MA[0]       ;        ; 10.021 ; 10.021 ;        ;
; DA[6]      ; MA[1]       ;        ; 12.778 ; 12.778 ;        ;
; DA[6]      ; MA[2]       ;        ; 11.656 ; 11.656 ;        ;
; DA[6]      ; MA[3]       ;        ; 12.686 ; 12.686 ;        ;
; DA[6]      ; MA[4]       ;        ; 10.417 ; 10.417 ;        ;
; DA[6]      ; MA[5]       ;        ; 13.239 ; 13.239 ;        ;
; DA[6]      ; MA[6]       ; 9.711  ; 10.668 ; 10.668 ; 9.711  ;
; DA[6]      ; MA[7]       ;        ; 10.379 ; 10.379 ;        ;
; DA[7]      ; I_O_A[0]    ; 10.046 ;        ;        ; 10.046 ;
; DA[7]      ; I_O_A[1]    ; 9.615  ;        ;        ; 9.615  ;
; DA[7]      ; I_O_A[2]    ; 8.214  ;        ;        ; 8.214  ;
; DA[7]      ; I_O_A[3]    ; 7.600  ;        ;        ; 7.600  ;
; DA[7]      ; I_O_A[4]    ; 8.108  ;        ;        ; 8.108  ;
; DA[7]      ; I_O_A[5]    ; 8.520  ;        ;        ; 8.520  ;
; DA[7]      ; I_O_A[6]    ; 10.271 ;        ;        ; 10.271 ;
; DA[7]      ; I_O_A[7]    ; 10.169 ;        ;        ; 10.169 ;
; DA[7]      ; MA[0]       ;        ; 5.874  ; 5.874  ;        ;
; DA[7]      ; MA[1]       ;        ; 8.493  ; 8.493  ;        ;
; DA[7]      ; MA[2]       ;        ; 7.372  ; 7.372  ;        ;
; DA[7]      ; MA[3]       ;        ; 8.537  ; 8.537  ;        ;
; DA[7]      ; MA[4]       ;        ; 6.127  ; 6.127  ;        ;
; DA[7]      ; MA[5]       ;        ; 9.093  ; 9.093  ;        ;
; DA[7]      ; MA[6]       ;        ; 6.522  ; 6.522  ;        ;
; DA[7]      ; MA[7]       ; 6.100  ;        ;        ; 6.100  ;
; IA[0]      ; MA[0]       ; 10.585 ;        ;        ; 10.585 ;
; IA[1]      ; MA[1]       ; 13.067 ;        ;        ; 13.067 ;
; IA[2]      ; MA[2]       ; 11.643 ;        ;        ; 11.643 ;
; IA[3]      ; MA[3]       ; 13.024 ;        ;        ; 13.024 ;
; IA[4]      ; MA[4]       ; 10.204 ;        ;        ; 10.204 ;
; IA[5]      ; MA[5]       ; 12.673 ;        ;        ; 12.673 ;
; IA[6]      ; MA[6]       ; 9.650  ;        ;        ; 9.650  ;
; IA[7]      ; MA[7]       ; 10.793 ;        ;        ; 10.793 ;
; sel        ; I_O_A[0]    ; 10.356 ;        ;        ; 10.356 ;
; sel        ; I_O_A[1]    ; 9.937  ;        ;        ; 9.937  ;
; sel        ; I_O_A[2]    ; 8.524  ;        ;        ; 8.524  ;
; sel        ; I_O_A[3]    ; 7.922  ;        ;        ; 7.922  ;
; sel        ; I_O_A[4]    ; 8.418  ;        ;        ; 8.418  ;
; sel        ; I_O_A[5]    ; 8.842  ;        ;        ; 8.842  ;
; sel        ; I_O_A[6]    ; 10.581 ;        ;        ; 10.581 ;
; sel        ; I_O_A[7]    ; 10.491 ;        ;        ; 10.491 ;
; sel        ; MA[0]       ; 6.709  ; 6.220  ; 6.220  ; 6.709  ;
; sel        ; MA[1]       ; 9.833  ; 8.846  ; 8.846  ; 9.833  ;
; sel        ; MA[2]       ; 8.062  ; 7.706  ; 7.706  ; 8.062  ;
; sel        ; MA[3]       ; 9.424  ; 8.898  ; 8.898  ; 9.424  ;
; sel        ; MA[4]       ; 7.174  ; 6.314  ; 6.314  ; 7.174  ;
; sel        ; MA[5]       ; 9.448  ; 8.867  ; 8.867  ; 9.448  ;
; sel        ; MA[6]       ; 6.877  ; 6.310  ; 6.310  ; 6.877  ;
; sel        ; MA[7]       ; 6.432  ; 6.432  ; 6.432  ; 6.432  ;
+------------+-------------+--------+--------+--------+--------+


----------------------------
; Fast Model Setup Summary ;
----------------------------
No paths to report.


---------------------------
; Fast Model Hold Summary ;
---------------------------
No paths to report.


-------------------------------
; Fast Model Recovery Summary ;
-------------------------------
No paths to report.


------------------------------
; Fast Model Removal Summary ;
------------------------------
No paths to report.


------------------------------------------
; Fast Model Minimum Pulse Width Summary ;
------------------------------------------
No paths to report.


+----------------------------------------------------------+
; Propagation Delay                                        ;
+------------+-------------+-------+-------+-------+-------+
; Input Port ; Output Port ; RR    ; RF    ; FR    ; FF    ;
+------------+-------------+-------+-------+-------+-------+
; DA[0]      ; I_O_A[0]    ;       ; 7.668 ; 7.668 ;       ;
; DA[0]      ; I_O_A[1]    ; 7.450 ;       ;       ; 7.450 ;
; DA[0]      ; I_O_A[2]    ;       ; 6.739 ; 6.739 ;       ;
; DA[0]      ; I_O_A[3]    ; 6.486 ;       ;       ; 6.486 ;
; DA[0]      ; I_O_A[4]    ;       ; 6.688 ; 6.688 ;       ;
; DA[0]      ; I_O_A[5]    ; 6.895 ;       ;       ; 6.895 ;
; DA[0]      ; I_O_A[6]    ;       ; 7.887 ; 7.887 ;       ;
; DA[0]      ; I_O_A[7]    ; 7.616 ;       ;       ; 7.616 ;
; DA[0]      ; MA[0]       ; 5.965 ;       ;       ; 5.965 ;
; DA[1]      ; I_O_A[0]    ;       ; 6.876 ; 6.876 ;       ;
; DA[1]      ; I_O_A[1]    ;       ; 6.524 ; 6.524 ;       ;
; DA[1]      ; I_O_A[2]    ; 5.955 ;       ;       ; 5.955 ;
; DA[1]      ; I_O_A[3]    ; 5.567 ;       ;       ; 5.567 ;
; DA[1]      ; I_O_A[4]    ;       ; 5.903 ; 5.903 ;       ;
; DA[1]      ; I_O_A[5]    ;       ; 5.972 ; 5.972 ;       ;
; DA[1]      ; I_O_A[6]    ; 7.097 ;       ;       ; 7.097 ;
; DA[1]      ; I_O_A[7]    ; 6.695 ;       ;       ; 6.695 ;
; DA[1]      ; MA[1]       ; 7.026 ;       ;       ; 7.026 ;
; DA[2]      ; I_O_A[0]    ;       ; 6.916 ; 6.916 ;       ;
; DA[2]      ; I_O_A[1]    ;       ; 6.563 ; 6.563 ;       ;
; DA[2]      ; I_O_A[2]    ;       ; 5.990 ; 5.990 ;       ;
; DA[2]      ; I_O_A[3]    ;       ; 5.604 ; 5.604 ;       ;
; DA[2]      ; I_O_A[4]    ; 5.971 ;       ;       ; 5.971 ;
; DA[2]      ; I_O_A[5]    ; 6.039 ;       ;       ; 6.039 ;
; DA[2]      ; I_O_A[6]    ; 7.159 ;       ;       ; 7.159 ;
; DA[2]      ; I_O_A[7]    ; 6.754 ;       ;       ; 6.754 ;
; DA[2]      ; MA[2]       ; 6.528 ;       ;       ; 6.528 ;
; DA[3]      ; I_O_A[0]    ; 7.479 ;       ;       ; 7.479 ;
; DA[3]      ; I_O_A[1]    ; 7.258 ;       ;       ; 7.258 ;
; DA[3]      ; I_O_A[2]    ; 6.550 ;       ;       ; 6.550 ;
; DA[3]      ; I_O_A[3]    ; 6.294 ;       ;       ; 6.294 ;
; DA[3]      ; I_O_A[4]    ; 6.499 ;       ;       ; 6.499 ;
; DA[3]      ; I_O_A[5]    ; 6.703 ;       ;       ; 6.703 ;
; DA[3]      ; I_O_A[6]    ; 7.698 ;       ;       ; 7.698 ;
; DA[3]      ; I_O_A[7]    ; 7.424 ;       ;       ; 7.424 ;
; DA[3]      ; MA[0]       ;       ; 5.466 ; 5.466 ;       ;
; DA[3]      ; MA[1]       ;       ; 6.804 ; 6.804 ;       ;
; DA[3]      ; MA[2]       ;       ; 6.359 ; 6.359 ;       ;
; DA[3]      ; MA[3]       ; 6.852 ; 6.674 ; 6.674 ; 6.852 ;
; DA[3]      ; MA[4]       ;       ; 5.663 ; 5.663 ;       ;
; DA[3]      ; MA[5]       ;       ; 6.999 ; 6.999 ;       ;
; DA[3]      ; MA[6]       ;       ; 5.761 ; 5.761 ;       ;
; DA[3]      ; MA[7]       ;       ; 5.638 ; 5.638 ;       ;
; DA[4]      ; I_O_A[0]    ; 7.489 ;       ;       ; 7.489 ;
; DA[4]      ; I_O_A[1]    ; 7.268 ;       ;       ; 7.268 ;
; DA[4]      ; I_O_A[2]    ; 6.560 ;       ;       ; 6.560 ;
; DA[4]      ; I_O_A[3]    ; 6.304 ;       ;       ; 6.304 ;
; DA[4]      ; I_O_A[4]    ; 6.509 ;       ;       ; 6.509 ;
; DA[4]      ; I_O_A[5]    ; 6.713 ;       ;       ; 6.713 ;
; DA[4]      ; I_O_A[6]    ; 7.708 ;       ;       ; 7.708 ;
; DA[4]      ; I_O_A[7]    ; 7.434 ;       ;       ; 7.434 ;
; DA[4]      ; MA[0]       ;       ; 5.476 ; 5.476 ;       ;
; DA[4]      ; MA[1]       ;       ; 6.814 ; 6.814 ;       ;
; DA[4]      ; MA[2]       ;       ; 6.369 ; 6.369 ;       ;
; DA[4]      ; MA[3]       ;       ; 6.684 ; 6.684 ;       ;
; DA[4]      ; MA[4]       ; 5.655 ; 5.673 ; 5.673 ; 5.655 ;
; DA[4]      ; MA[5]       ;       ; 7.009 ; 7.009 ;       ;
; DA[4]      ; MA[6]       ;       ; 5.771 ; 5.771 ;       ;
; DA[4]      ; MA[7]       ;       ; 5.648 ; 5.648 ;       ;
; DA[5]      ; I_O_A[0]    ; 8.170 ;       ;       ; 8.170 ;
; DA[5]      ; I_O_A[1]    ; 7.949 ;       ;       ; 7.949 ;
; DA[5]      ; I_O_A[2]    ; 7.241 ;       ;       ; 7.241 ;
; DA[5]      ; I_O_A[3]    ; 6.985 ;       ;       ; 6.985 ;
; DA[5]      ; I_O_A[4]    ; 7.190 ;       ;       ; 7.190 ;
; DA[5]      ; I_O_A[5]    ; 7.394 ;       ;       ; 7.394 ;
; DA[5]      ; I_O_A[6]    ; 8.389 ;       ;       ; 8.389 ;
; DA[5]      ; I_O_A[7]    ; 8.115 ;       ;       ; 8.115 ;
; DA[5]      ; MA[0]       ;       ; 6.157 ; 6.157 ;       ;
; DA[5]      ; MA[1]       ;       ; 7.495 ; 7.495 ;       ;
; DA[5]      ; MA[2]       ;       ; 7.050 ; 7.050 ;       ;
; DA[5]      ; MA[3]       ;       ; 7.365 ; 7.365 ;       ;
; DA[5]      ; MA[4]       ;       ; 6.354 ; 6.354 ;       ;
; DA[5]      ; MA[5]       ; 7.328 ; 7.690 ; 7.690 ; 7.328 ;
; DA[5]      ; MA[6]       ;       ; 6.452 ; 6.452 ;       ;
; DA[5]      ; MA[7]       ;       ; 6.329 ; 6.329 ;       ;
; DA[6]      ; I_O_A[0]    ; 7.536 ;       ;       ; 7.536 ;
; DA[6]      ; I_O_A[1]    ; 7.315 ;       ;       ; 7.315 ;
; DA[6]      ; I_O_A[2]    ; 6.607 ;       ;       ; 6.607 ;
; DA[6]      ; I_O_A[3]    ; 6.351 ;       ;       ; 6.351 ;
; DA[6]      ; I_O_A[4]    ; 6.556 ;       ;       ; 6.556 ;
; DA[6]      ; I_O_A[5]    ; 6.760 ;       ;       ; 6.760 ;
; DA[6]      ; I_O_A[6]    ; 7.755 ;       ;       ; 7.755 ;
; DA[6]      ; I_O_A[7]    ; 7.481 ;       ;       ; 7.481 ;
; DA[6]      ; MA[0]       ;       ; 5.523 ; 5.523 ;       ;
; DA[6]      ; MA[1]       ;       ; 6.861 ; 6.861 ;       ;
; DA[6]      ; MA[2]       ;       ; 6.416 ; 6.416 ;       ;
; DA[6]      ; MA[3]       ;       ; 6.731 ; 6.731 ;       ;
; DA[6]      ; MA[4]       ;       ; 5.720 ; 5.720 ;       ;
; DA[6]      ; MA[5]       ;       ; 7.056 ; 7.056 ;       ;
; DA[6]      ; MA[6]       ; 5.399 ; 5.818 ; 5.818 ; 5.399 ;
; DA[6]      ; MA[7]       ;       ; 5.695 ; 5.695 ;       ;
; DA[7]      ; I_O_A[0]    ; 5.011 ;       ;       ; 5.011 ;
; DA[7]      ; I_O_A[1]    ; 4.791 ;       ;       ; 4.791 ;
; DA[7]      ; I_O_A[2]    ; 4.082 ;       ;       ; 4.082 ;
; DA[7]      ; I_O_A[3]    ; 3.827 ;       ;       ; 3.827 ;
; DA[7]      ; I_O_A[4]    ; 4.031 ;       ;       ; 4.031 ;
; DA[7]      ; I_O_A[5]    ; 4.236 ;       ;       ; 4.236 ;
; DA[7]      ; I_O_A[6]    ; 5.230 ;       ;       ; 5.230 ;
; DA[7]      ; I_O_A[7]    ; 4.957 ;       ;       ; 4.957 ;
; DA[7]      ; MA[0]       ;       ; 3.025 ; 3.025 ;       ;
; DA[7]      ; MA[1]       ;       ; 4.295 ; 4.295 ;       ;
; DA[7]      ; MA[2]       ;       ; 3.849 ; 3.849 ;       ;
; DA[7]      ; MA[3]       ;       ; 4.232 ; 4.232 ;       ;
; DA[7]      ; MA[4]       ;       ; 3.148 ; 3.148 ;       ;
; DA[7]      ; MA[5]       ;       ; 4.559 ; 4.559 ;       ;
; DA[7]      ; MA[6]       ;       ; 3.321 ; 3.321 ;       ;
; DA[7]      ; MA[7]       ; 3.130 ;       ;       ; 3.130 ;
; IA[0]      ; MA[0]       ; 5.749 ;       ;       ; 5.749 ;
; IA[1]      ; MA[1]       ; 6.990 ;       ;       ; 6.990 ;
; IA[2]      ; MA[2]       ; 6.392 ;       ;       ; 6.392 ;
; IA[3]      ; MA[3]       ; 6.859 ;       ;       ; 6.859 ;
; IA[4]      ; MA[4]       ; 5.588 ;       ;       ; 5.588 ;
; IA[5]      ; MA[5]       ; 6.806 ;       ;       ; 6.806 ;
; IA[6]      ; MA[6]       ; 5.371 ;       ;       ; 5.371 ;
; IA[7]      ; MA[7]       ; 6.006 ;       ;       ; 6.006 ;
; sel        ; I_O_A[0]    ; 5.165 ;       ;       ; 5.165 ;
; sel        ; I_O_A[1]    ; 4.958 ;       ;       ; 4.958 ;
; sel        ; I_O_A[2]    ; 4.236 ;       ;       ; 4.236 ;
; sel        ; I_O_A[3]    ; 3.994 ;       ;       ; 3.994 ;
; sel        ; I_O_A[4]    ; 4.185 ;       ;       ; 4.185 ;
; sel        ; I_O_A[5]    ; 4.403 ;       ;       ; 4.403 ;
; sel        ; I_O_A[6]    ; 5.384 ;       ;       ; 5.384 ;
; sel        ; I_O_A[7]    ; 5.124 ;       ;       ; 5.124 ;
; sel        ; MA[0]       ; 3.384 ; 3.384 ; 3.384 ; 3.384 ;
; sel        ; MA[1]       ; 4.882 ; 4.882 ; 4.882 ; 4.882 ;
; sel        ; MA[2]       ; 4.157 ; 4.157 ; 4.157 ; 4.157 ;
; sel        ; MA[3]       ; 4.625 ; 4.625 ; 4.625 ; 4.625 ;
; sel        ; MA[4]       ; 3.605 ; 3.605 ; 3.605 ; 3.605 ;
; sel        ; MA[5]       ; 4.729 ; 4.467 ; 4.467 ; 4.729 ;
; sel        ; MA[6]       ; 3.491 ; 3.242 ; 3.242 ; 3.491 ;
; sel        ; MA[7]       ; 3.296 ; 3.296 ; 3.296 ; 3.296 ;
+------------+-------------+-------+-------+-------+-------+


+----------------------------------------------------------+
; Minimum Propagation Delay                                ;
+------------+-------------+-------+-------+-------+-------+
; Input Port ; Output Port ; RR    ; RF    ; FR    ; FF    ;
+------------+-------------+-------+-------+-------+-------+
; DA[0]      ; I_O_A[0]    ;       ; 7.668 ; 7.668 ;       ;
; DA[0]      ; I_O_A[1]    ; 7.450 ;       ;       ; 7.450 ;
; DA[0]      ; I_O_A[2]    ;       ; 6.739 ; 6.739 ;       ;
; DA[0]      ; I_O_A[3]    ; 6.486 ;       ;       ; 6.486 ;
; DA[0]      ; I_O_A[4]    ;       ; 6.688 ; 6.688 ;       ;
; DA[0]      ; I_O_A[5]    ; 6.895 ;       ;       ; 6.895 ;
; DA[0]      ; I_O_A[6]    ;       ; 7.887 ; 7.887 ;       ;
; DA[0]      ; I_O_A[7]    ; 7.616 ;       ;       ; 7.616 ;
; DA[0]      ; MA[0]       ; 5.965 ;       ;       ; 5.965 ;
; DA[1]      ; I_O_A[0]    ;       ; 6.876 ; 6.876 ;       ;
; DA[1]      ; I_O_A[1]    ;       ; 6.524 ; 6.524 ;       ;
; DA[1]      ; I_O_A[2]    ; 5.955 ;       ;       ; 5.955 ;
; DA[1]      ; I_O_A[3]    ; 5.567 ;       ;       ; 5.567 ;
; DA[1]      ; I_O_A[4]    ;       ; 5.903 ; 5.903 ;       ;
; DA[1]      ; I_O_A[5]    ;       ; 5.972 ; 5.972 ;       ;
; DA[1]      ; I_O_A[6]    ; 7.097 ;       ;       ; 7.097 ;
; DA[1]      ; I_O_A[7]    ; 6.695 ;       ;       ; 6.695 ;
; DA[1]      ; MA[1]       ; 7.026 ;       ;       ; 7.026 ;
; DA[2]      ; I_O_A[0]    ;       ; 6.916 ; 6.916 ;       ;
; DA[2]      ; I_O_A[1]    ;       ; 6.563 ; 6.563 ;       ;
; DA[2]      ; I_O_A[2]    ;       ; 5.990 ; 5.990 ;       ;
; DA[2]      ; I_O_A[3]    ;       ; 5.604 ; 5.604 ;       ;
; DA[2]      ; I_O_A[4]    ; 5.971 ;       ;       ; 5.971 ;
; DA[2]      ; I_O_A[5]    ; 6.039 ;       ;       ; 6.039 ;
; DA[2]      ; I_O_A[6]    ; 7.159 ;       ;       ; 7.159 ;
; DA[2]      ; I_O_A[7]    ; 6.754 ;       ;       ; 6.754 ;
; DA[2]      ; MA[2]       ; 6.528 ;       ;       ; 6.528 ;
; DA[3]      ; I_O_A[0]    ; 7.479 ;       ;       ; 7.479 ;
; DA[3]      ; I_O_A[1]    ; 7.258 ;       ;       ; 7.258 ;
; DA[3]      ; I_O_A[2]    ; 6.550 ;       ;       ; 6.550 ;
; DA[3]      ; I_O_A[3]    ; 6.294 ;       ;       ; 6.294 ;
; DA[3]      ; I_O_A[4]    ; 6.499 ;       ;       ; 6.499 ;
; DA[3]      ; I_O_A[5]    ; 6.703 ;       ;       ; 6.703 ;
; DA[3]      ; I_O_A[6]    ; 7.698 ;       ;       ; 7.698 ;
; DA[3]      ; I_O_A[7]    ; 7.424 ;       ;       ; 7.424 ;
; DA[3]      ; MA[0]       ;       ; 5.466 ; 5.466 ;       ;
; DA[3]      ; MA[1]       ;       ; 6.804 ; 6.804 ;       ;
; DA[3]      ; MA[2]       ;       ; 6.359 ; 6.359 ;       ;
; DA[3]      ; MA[3]       ; 6.852 ; 6.674 ; 6.674 ; 6.852 ;
; DA[3]      ; MA[4]       ;       ; 5.663 ; 5.663 ;       ;
; DA[3]      ; MA[5]       ;       ; 6.999 ; 6.999 ;       ;
; DA[3]      ; MA[6]       ;       ; 5.761 ; 5.761 ;       ;
; DA[3]      ; MA[7]       ;       ; 5.638 ; 5.638 ;       ;
; DA[4]      ; I_O_A[0]    ; 7.489 ;       ;       ; 7.489 ;
; DA[4]      ; I_O_A[1]    ; 7.268 ;       ;       ; 7.268 ;
; DA[4]      ; I_O_A[2]    ; 6.560 ;       ;       ; 6.560 ;
; DA[4]      ; I_O_A[3]    ; 6.304 ;       ;       ; 6.304 ;
; DA[4]      ; I_O_A[4]    ; 6.509 ;       ;       ; 6.509 ;
; DA[4]      ; I_O_A[5]    ; 6.713 ;       ;       ; 6.713 ;
; DA[4]      ; I_O_A[6]    ; 7.708 ;       ;       ; 7.708 ;
; DA[4]      ; I_O_A[7]    ; 7.434 ;       ;       ; 7.434 ;
; DA[4]      ; MA[0]       ;       ; 5.476 ; 5.476 ;       ;
; DA[4]      ; MA[1]       ;       ; 6.814 ; 6.814 ;       ;
; DA[4]      ; MA[2]       ;       ; 6.369 ; 6.369 ;       ;
; DA[4]      ; MA[3]       ;       ; 6.684 ; 6.684 ;       ;
; DA[4]      ; MA[4]       ; 5.655 ; 5.673 ; 5.673 ; 5.655 ;
; DA[4]      ; MA[5]       ;       ; 7.009 ; 7.009 ;       ;
; DA[4]      ; MA[6]       ;       ; 5.771 ; 5.771 ;       ;
; DA[4]      ; MA[7]       ;       ; 5.648 ; 5.648 ;       ;
; DA[5]      ; I_O_A[0]    ; 8.170 ;       ;       ; 8.170 ;
; DA[5]      ; I_O_A[1]    ; 7.949 ;       ;       ; 7.949 ;
; DA[5]      ; I_O_A[2]    ; 7.241 ;       ;       ; 7.241 ;
; DA[5]      ; I_O_A[3]    ; 6.985 ;       ;       ; 6.985 ;
; DA[5]      ; I_O_A[4]    ; 7.190 ;       ;       ; 7.190 ;
; DA[5]      ; I_O_A[5]    ; 7.394 ;       ;       ; 7.394 ;
; DA[5]      ; I_O_A[6]    ; 8.389 ;       ;       ; 8.389 ;
; DA[5]      ; I_O_A[7]    ; 8.115 ;       ;       ; 8.115 ;
; DA[5]      ; MA[0]       ;       ; 6.157 ; 6.157 ;       ;
; DA[5]      ; MA[1]       ;       ; 7.495 ; 7.495 ;       ;
; DA[5]      ; MA[2]       ;       ; 7.050 ; 7.050 ;       ;
; DA[5]      ; MA[3]       ;       ; 7.365 ; 7.365 ;       ;
; DA[5]      ; MA[4]       ;       ; 6.354 ; 6.354 ;       ;
; DA[5]      ; MA[5]       ; 7.328 ; 7.690 ; 7.690 ; 7.328 ;
; DA[5]      ; MA[6]       ;       ; 6.452 ; 6.452 ;       ;
; DA[5]      ; MA[7]       ;       ; 6.329 ; 6.329 ;       ;
; DA[6]      ; I_O_A[0]    ; 7.536 ;       ;       ; 7.536 ;
; DA[6]      ; I_O_A[1]    ; 7.315 ;       ;       ; 7.315 ;
; DA[6]      ; I_O_A[2]    ; 6.607 ;       ;       ; 6.607 ;
; DA[6]      ; I_O_A[3]    ; 6.351 ;       ;       ; 6.351 ;
; DA[6]      ; I_O_A[4]    ; 6.556 ;       ;       ; 6.556 ;
; DA[6]      ; I_O_A[5]    ; 6.760 ;       ;       ; 6.760 ;
; DA[6]      ; I_O_A[6]    ; 7.755 ;       ;       ; 7.755 ;
; DA[6]      ; I_O_A[7]    ; 7.481 ;       ;       ; 7.481 ;
; DA[6]      ; MA[0]       ;       ; 5.523 ; 5.523 ;       ;
; DA[6]      ; MA[1]       ;       ; 6.861 ; 6.861 ;       ;
; DA[6]      ; MA[2]       ;       ; 6.416 ; 6.416 ;       ;
; DA[6]      ; MA[3]       ;       ; 6.731 ; 6.731 ;       ;
; DA[6]      ; MA[4]       ;       ; 5.720 ; 5.720 ;       ;
; DA[6]      ; MA[5]       ;       ; 7.056 ; 7.056 ;       ;
; DA[6]      ; MA[6]       ; 5.399 ; 5.818 ; 5.818 ; 5.399 ;
; DA[6]      ; MA[7]       ;       ; 5.695 ; 5.695 ;       ;
; DA[7]      ; I_O_A[0]    ; 5.011 ;       ;       ; 5.011 ;
; DA[7]      ; I_O_A[1]    ; 4.791 ;       ;       ; 4.791 ;
; DA[7]      ; I_O_A[2]    ; 4.082 ;       ;       ; 4.082 ;
; DA[7]      ; I_O_A[3]    ; 3.827 ;       ;       ; 3.827 ;
; DA[7]      ; I_O_A[4]    ; 4.031 ;       ;       ; 4.031 ;
; DA[7]      ; I_O_A[5]    ; 4.236 ;       ;       ; 4.236 ;
; DA[7]      ; I_O_A[6]    ; 5.230 ;       ;       ; 5.230 ;
; DA[7]      ; I_O_A[7]    ; 4.957 ;       ;       ; 4.957 ;
; DA[7]      ; MA[0]       ;       ; 3.025 ; 3.025 ;       ;
; DA[7]      ; MA[1]       ;       ; 4.295 ; 4.295 ;       ;
; DA[7]      ; MA[2]       ;       ; 3.849 ; 3.849 ;       ;
; DA[7]      ; MA[3]       ;       ; 4.232 ; 4.232 ;       ;
; DA[7]      ; MA[4]       ;       ; 3.148 ; 3.148 ;       ;
; DA[7]      ; MA[5]       ;       ; 4.559 ; 4.559 ;       ;
; DA[7]      ; MA[6]       ;       ; 3.321 ; 3.321 ;       ;
; DA[7]      ; MA[7]       ; 3.130 ;       ;       ; 3.130 ;
; IA[0]      ; MA[0]       ; 5.749 ;       ;       ; 5.749 ;
; IA[1]      ; MA[1]       ; 6.990 ;       ;       ; 6.990 ;
; IA[2]      ; MA[2]       ; 6.392 ;       ;       ; 6.392 ;
; IA[3]      ; MA[3]       ; 6.859 ;       ;       ; 6.859 ;
; IA[4]      ; MA[4]       ; 5.588 ;       ;       ; 5.588 ;
; IA[5]      ; MA[5]       ; 6.806 ;       ;       ; 6.806 ;
; IA[6]      ; MA[6]       ; 5.371 ;       ;       ; 5.371 ;
; IA[7]      ; MA[7]       ; 6.006 ;       ;       ; 6.006 ;
; sel        ; I_O_A[0]    ; 5.165 ;       ;       ; 5.165 ;
; sel        ; I_O_A[1]    ; 4.958 ;       ;       ; 4.958 ;
; sel        ; I_O_A[2]    ; 4.236 ;       ;       ; 4.236 ;
; sel        ; I_O_A[3]    ; 3.994 ;       ;       ; 3.994 ;
; sel        ; I_O_A[4]    ; 4.185 ;       ;       ; 4.185 ;
; sel        ; I_O_A[5]    ; 4.403 ;       ;       ; 4.403 ;
; sel        ; I_O_A[6]    ; 5.384 ;       ;       ; 5.384 ;
; sel        ; I_O_A[7]    ; 5.124 ;       ;       ; 5.124 ;
; sel        ; MA[0]       ; 3.384 ; 3.180 ; 3.180 ; 3.384 ;
; sel        ; MA[1]       ; 4.882 ; 4.458 ; 4.458 ; 4.882 ;
; sel        ; MA[2]       ; 4.157 ; 3.995 ; 3.995 ; 4.157 ;
; sel        ; MA[3]       ; 4.625 ; 4.401 ; 4.401 ; 4.625 ;
; sel        ; MA[4]       ; 3.605 ; 3.238 ; 3.238 ; 3.605 ;
; sel        ; MA[5]       ; 4.729 ; 4.467 ; 4.467 ; 4.729 ;
; sel        ; MA[6]       ; 3.491 ; 3.242 ; 3.242 ; 3.491 ;
; sel        ; MA[7]       ; 3.296 ; 3.296 ; 3.296 ; 3.296 ;
+------------+-------------+-------+-------+-------+-------+


+----------------------------------------------------------------------------+
; Multicorner Timing Analysis Summary                                        ;
+------------------+-------+------+----------+---------+---------------------+
; Clock            ; Setup ; Hold ; Recovery ; Removal ; Minimum Pulse Width ;
+------------------+-------+------+----------+---------+---------------------+
; Worst-case Slack ; N/A   ; N/A  ; N/A      ; N/A     ; N/A                 ;
; Design-wide TNS  ; 0.0   ; 0.0  ; 0.0      ; 0.0     ; 0.0                 ;
+------------------+-------+------+----------+---------+---------------------+


+--------------------------------------------------------------+
; Progagation Delay                                            ;
+------------+-------------+--------+--------+--------+--------+
; Input Port ; Output Port ; RR     ; RF     ; FR     ; FF     ;
+------------+-------------+--------+--------+--------+--------+
; DA[0]      ; I_O_A[0]    ;        ; 14.354 ; 14.354 ;        ;
; DA[0]      ; I_O_A[1]    ; 13.947 ;        ;        ; 13.947 ;
; DA[0]      ; I_O_A[2]    ;        ; 12.522 ; 12.522 ;        ;
; DA[0]      ; I_O_A[3]    ; 11.932 ;        ;        ; 11.932 ;
; DA[0]      ; I_O_A[4]    ;        ; 12.416 ; 12.416 ;        ;
; DA[0]      ; I_O_A[5]    ; 12.852 ;        ;        ; 12.852 ;
; DA[0]      ; I_O_A[6]    ;        ; 14.579 ; 14.579 ;        ;
; DA[0]      ; I_O_A[7]    ; 14.501 ;        ;        ; 14.501 ;
; DA[0]      ; MA[0]       ; 10.895 ;        ;        ; 10.895 ;
; DA[1]      ; I_O_A[0]    ;        ; 12.700 ; 12.700 ;        ;
; DA[1]      ; I_O_A[1]    ;        ; 11.987 ; 11.987 ;        ;
; DA[1]      ; I_O_A[2]    ; 10.891 ;        ;        ; 10.891 ;
; DA[1]      ; I_O_A[3]    ; 9.998  ;        ;        ; 9.998  ;
; DA[1]      ; I_O_A[4]    ;        ; 10.774 ; 10.774 ;        ;
; DA[1]      ; I_O_A[5]    ;        ; 10.896 ; 10.896 ;        ;
; DA[1]      ; I_O_A[6]    ; 12.949 ;        ;        ; 12.949 ;
; DA[1]      ; I_O_A[7]    ; 12.565 ;        ;        ; 12.565 ;
; DA[1]      ; MA[1]       ; 13.117 ;        ;        ; 13.117 ;
; DA[2]      ; I_O_A[0]    ;        ; 12.829 ; 12.829 ;        ;
; DA[2]      ; I_O_A[1]    ;        ; 12.111 ; 12.111 ;        ;
; DA[2]      ; I_O_A[2]    ;        ; 11.002 ; 11.002 ;        ;
; DA[2]      ; I_O_A[3]    ;        ; 10.105 ; 10.105 ;        ;
; DA[2]      ; I_O_A[4]    ; 10.899 ;        ;        ; 10.899 ;
; DA[2]      ; I_O_A[5]    ; 11.023 ;        ;        ; 11.023 ;
; DA[2]      ; I_O_A[6]    ; 13.052 ;        ;        ; 13.052 ;
; DA[2]      ; I_O_A[7]    ; 12.667 ;        ;        ; 12.667 ;
; DA[2]      ; MA[2]       ; 11.938 ;        ;        ; 11.938 ;
; DA[3]      ; I_O_A[0]    ; 14.107 ;        ;        ; 14.107 ;
; DA[3]      ; I_O_A[1]    ; 13.677 ;        ;        ; 13.677 ;
; DA[3]      ; I_O_A[2]    ; 12.275 ;        ;        ; 12.275 ;
; DA[3]      ; I_O_A[3]    ; 11.662 ;        ;        ; 11.662 ;
; DA[3]      ; I_O_A[4]    ; 12.169 ;        ;        ; 12.169 ;
; DA[3]      ; I_O_A[5]    ; 12.582 ;        ;        ; 12.582 ;
; DA[3]      ; I_O_A[6]    ; 14.332 ;        ;        ; 14.332 ;
; DA[3]      ; I_O_A[7]    ; 14.231 ;        ;        ; 14.231 ;
; DA[3]      ; MA[0]       ;        ; 9.937  ; 9.937  ;        ;
; DA[3]      ; MA[1]       ;        ; 12.694 ; 12.694 ;        ;
; DA[3]      ; MA[2]       ;        ; 11.572 ; 11.572 ;        ;
; DA[3]      ; MA[3]       ; 12.990 ; 12.602 ; 12.602 ; 12.990 ;
; DA[3]      ; MA[4]       ;        ; 10.333 ; 10.333 ;        ;
; DA[3]      ; MA[5]       ;        ; 13.155 ; 13.155 ;        ;
; DA[3]      ; MA[6]       ;        ; 10.584 ; 10.584 ;        ;
; DA[3]      ; MA[7]       ;        ; 10.295 ; 10.295 ;        ;
; DA[4]      ; I_O_A[0]    ; 14.115 ;        ;        ; 14.115 ;
; DA[4]      ; I_O_A[1]    ; 13.685 ;        ;        ; 13.685 ;
; DA[4]      ; I_O_A[2]    ; 12.283 ;        ;        ; 12.283 ;
; DA[4]      ; I_O_A[3]    ; 11.670 ;        ;        ; 11.670 ;
; DA[4]      ; I_O_A[4]    ; 12.177 ;        ;        ; 12.177 ;
; DA[4]      ; I_O_A[5]    ; 12.590 ;        ;        ; 12.590 ;
; DA[4]      ; I_O_A[6]    ; 14.340 ;        ;        ; 14.340 ;
; DA[4]      ; I_O_A[7]    ; 14.239 ;        ;        ; 14.239 ;
; DA[4]      ; MA[0]       ;        ; 9.945  ; 9.945  ;        ;
; DA[4]      ; MA[1]       ;        ; 12.702 ; 12.702 ;        ;
; DA[4]      ; MA[2]       ;        ; 11.580 ; 11.580 ;        ;
; DA[4]      ; MA[3]       ;        ; 12.610 ; 12.610 ;        ;
; DA[4]      ; MA[4]       ; 10.349 ; 10.341 ; 10.341 ; 10.349 ;
; DA[4]      ; MA[5]       ;        ; 13.163 ; 13.163 ;        ;
; DA[4]      ; MA[6]       ;        ; 10.592 ; 10.592 ;        ;
; DA[4]      ; MA[7]       ;        ; 10.303 ; 10.303 ;        ;
; DA[5]      ; I_O_A[0]    ; 15.316 ;        ;        ; 15.316 ;
; DA[5]      ; I_O_A[1]    ; 14.886 ;        ;        ; 14.886 ;
; DA[5]      ; I_O_A[2]    ; 13.484 ;        ;        ; 13.484 ;
; DA[5]      ; I_O_A[3]    ; 12.871 ;        ;        ; 12.871 ;
; DA[5]      ; I_O_A[4]    ; 13.378 ;        ;        ; 13.378 ;
; DA[5]      ; I_O_A[5]    ; 13.791 ;        ;        ; 13.791 ;
; DA[5]      ; I_O_A[6]    ; 15.541 ;        ;        ; 15.541 ;
; DA[5]      ; I_O_A[7]    ; 15.440 ;        ;        ; 15.440 ;
; DA[5]      ; MA[0]       ;        ; 11.146 ; 11.146 ;        ;
; DA[5]      ; MA[1]       ;        ; 13.903 ; 13.903 ;        ;
; DA[5]      ; MA[2]       ;        ; 12.781 ; 12.781 ;        ;
; DA[5]      ; MA[3]       ;        ; 13.811 ; 13.811 ;        ;
; DA[5]      ; MA[4]       ;        ; 11.542 ; 11.542 ;        ;
; DA[5]      ; MA[5]       ; 13.551 ; 14.364 ; 14.364 ; 13.551 ;
; DA[5]      ; MA[6]       ;        ; 11.793 ; 11.793 ;        ;
; DA[5]      ; MA[7]       ;        ; 11.504 ; 11.504 ;        ;
; DA[6]      ; I_O_A[0]    ; 14.191 ;        ;        ; 14.191 ;
; DA[6]      ; I_O_A[1]    ; 13.761 ;        ;        ; 13.761 ;
; DA[6]      ; I_O_A[2]    ; 12.359 ;        ;        ; 12.359 ;
; DA[6]      ; I_O_A[3]    ; 11.746 ;        ;        ; 11.746 ;
; DA[6]      ; I_O_A[4]    ; 12.253 ;        ;        ; 12.253 ;
; DA[6]      ; I_O_A[5]    ; 12.666 ;        ;        ; 12.666 ;
; DA[6]      ; I_O_A[6]    ; 14.416 ;        ;        ; 14.416 ;
; DA[6]      ; I_O_A[7]    ; 14.315 ;        ;        ; 14.315 ;
; DA[6]      ; MA[0]       ;        ; 10.021 ; 10.021 ;        ;
; DA[6]      ; MA[1]       ;        ; 12.778 ; 12.778 ;        ;
; DA[6]      ; MA[2]       ;        ; 11.656 ; 11.656 ;        ;
; DA[6]      ; MA[3]       ;        ; 12.686 ; 12.686 ;        ;
; DA[6]      ; MA[4]       ;        ; 10.417 ; 10.417 ;        ;
; DA[6]      ; MA[5]       ;        ; 13.239 ; 13.239 ;        ;
; DA[6]      ; MA[6]       ; 9.711  ; 10.668 ; 10.668 ; 9.711  ;
; DA[6]      ; MA[7]       ;        ; 10.379 ; 10.379 ;        ;
; DA[7]      ; I_O_A[0]    ; 10.046 ;        ;        ; 10.046 ;
; DA[7]      ; I_O_A[1]    ; 9.615  ;        ;        ; 9.615  ;
; DA[7]      ; I_O_A[2]    ; 8.214  ;        ;        ; 8.214  ;
; DA[7]      ; I_O_A[3]    ; 7.600  ;        ;        ; 7.600  ;
; DA[7]      ; I_O_A[4]    ; 8.108  ;        ;        ; 8.108  ;
; DA[7]      ; I_O_A[5]    ; 8.520  ;        ;        ; 8.520  ;
; DA[7]      ; I_O_A[6]    ; 10.271 ;        ;        ; 10.271 ;
; DA[7]      ; I_O_A[7]    ; 10.169 ;        ;        ; 10.169 ;
; DA[7]      ; MA[0]       ;        ; 5.874  ; 5.874  ;        ;
; DA[7]      ; MA[1]       ;        ; 8.493  ; 8.493  ;        ;
; DA[7]      ; MA[2]       ;        ; 7.372  ; 7.372  ;        ;
; DA[7]      ; MA[3]       ;        ; 8.537  ; 8.537  ;        ;
; DA[7]      ; MA[4]       ;        ; 6.127  ; 6.127  ;        ;
; DA[7]      ; MA[5]       ;        ; 9.093  ; 9.093  ;        ;
; DA[7]      ; MA[6]       ;        ; 6.522  ; 6.522  ;        ;
; DA[7]      ; MA[7]       ; 6.100  ;        ;        ; 6.100  ;
; IA[0]      ; MA[0]       ; 10.585 ;        ;        ; 10.585 ;
; IA[1]      ; MA[1]       ; 13.067 ;        ;        ; 13.067 ;
; IA[2]      ; MA[2]       ; 11.643 ;        ;        ; 11.643 ;
; IA[3]      ; MA[3]       ; 13.024 ;        ;        ; 13.024 ;
; IA[4]      ; MA[4]       ; 10.204 ;        ;        ; 10.204 ;
; IA[5]      ; MA[5]       ; 12.673 ;        ;        ; 12.673 ;
; IA[6]      ; MA[6]       ; 9.650  ;        ;        ; 9.650  ;
; IA[7]      ; MA[7]       ; 10.793 ;        ;        ; 10.793 ;
; sel        ; I_O_A[0]    ; 10.356 ;        ;        ; 10.356 ;
; sel        ; I_O_A[1]    ; 9.937  ;        ;        ; 9.937  ;
; sel        ; I_O_A[2]    ; 8.524  ;        ;        ; 8.524  ;
; sel        ; I_O_A[3]    ; 7.922  ;        ;        ; 7.922  ;
; sel        ; I_O_A[4]    ; 8.418  ;        ;        ; 8.418  ;
; sel        ; I_O_A[5]    ; 8.842  ;        ;        ; 8.842  ;
; sel        ; I_O_A[6]    ; 10.581 ;        ;        ; 10.581 ;
; sel        ; I_O_A[7]    ; 10.491 ;        ;        ; 10.491 ;
; sel        ; MA[0]       ; 6.709  ; 6.709  ; 6.709  ; 6.709  ;
; sel        ; MA[1]       ; 9.833  ; 9.833  ; 9.833  ; 9.833  ;
; sel        ; MA[2]       ; 8.062  ; 8.062  ; 8.062  ; 8.062  ;
; sel        ; MA[3]       ; 9.424  ; 9.424  ; 9.424  ; 9.424  ;
; sel        ; MA[4]       ; 7.174  ; 7.174  ; 7.174  ; 7.174  ;
; sel        ; MA[5]       ; 9.448  ; 8.867  ; 8.867  ; 9.448  ;
; sel        ; MA[6]       ; 6.877  ; 6.310  ; 6.310  ; 6.877  ;
; sel        ; MA[7]       ; 6.432  ; 6.432  ; 6.432  ; 6.432  ;
+------------+-------------+--------+--------+--------+--------+


+----------------------------------------------------------+
; Minimum Progagation Delay                                ;
+------------+-------------+-------+-------+-------+-------+
; Input Port ; Output Port ; RR    ; RF    ; FR    ; FF    ;
+------------+-------------+-------+-------+-------+-------+
; DA[0]      ; I_O_A[0]    ;       ; 7.668 ; 7.668 ;       ;
; DA[0]      ; I_O_A[1]    ; 7.450 ;       ;       ; 7.450 ;
; DA[0]      ; I_O_A[2]    ;       ; 6.739 ; 6.739 ;       ;
; DA[0]      ; I_O_A[3]    ; 6.486 ;       ;       ; 6.486 ;
; DA[0]      ; I_O_A[4]    ;       ; 6.688 ; 6.688 ;       ;
; DA[0]      ; I_O_A[5]    ; 6.895 ;       ;       ; 6.895 ;
; DA[0]      ; I_O_A[6]    ;       ; 7.887 ; 7.887 ;       ;
; DA[0]      ; I_O_A[7]    ; 7.616 ;       ;       ; 7.616 ;
; DA[0]      ; MA[0]       ; 5.965 ;       ;       ; 5.965 ;
; DA[1]      ; I_O_A[0]    ;       ; 6.876 ; 6.876 ;       ;
; DA[1]      ; I_O_A[1]    ;       ; 6.524 ; 6.524 ;       ;
; DA[1]      ; I_O_A[2]    ; 5.955 ;       ;       ; 5.955 ;
; DA[1]      ; I_O_A[3]    ; 5.567 ;       ;       ; 5.567 ;
; DA[1]      ; I_O_A[4]    ;       ; 5.903 ; 5.903 ;       ;
; DA[1]      ; I_O_A[5]    ;       ; 5.972 ; 5.972 ;       ;
; DA[1]      ; I_O_A[6]    ; 7.097 ;       ;       ; 7.097 ;
; DA[1]      ; I_O_A[7]    ; 6.695 ;       ;       ; 6.695 ;
; DA[1]      ; MA[1]       ; 7.026 ;       ;       ; 7.026 ;
; DA[2]      ; I_O_A[0]    ;       ; 6.916 ; 6.916 ;       ;
; DA[2]      ; I_O_A[1]    ;       ; 6.563 ; 6.563 ;       ;
; DA[2]      ; I_O_A[2]    ;       ; 5.990 ; 5.990 ;       ;
; DA[2]      ; I_O_A[3]    ;       ; 5.604 ; 5.604 ;       ;
; DA[2]      ; I_O_A[4]    ; 5.971 ;       ;       ; 5.971 ;
; DA[2]      ; I_O_A[5]    ; 6.039 ;       ;       ; 6.039 ;
; DA[2]      ; I_O_A[6]    ; 7.159 ;       ;       ; 7.159 ;
; DA[2]      ; I_O_A[7]    ; 6.754 ;       ;       ; 6.754 ;
; DA[2]      ; MA[2]       ; 6.528 ;       ;       ; 6.528 ;
; DA[3]      ; I_O_A[0]    ; 7.479 ;       ;       ; 7.479 ;
; DA[3]      ; I_O_A[1]    ; 7.258 ;       ;       ; 7.258 ;
; DA[3]      ; I_O_A[2]    ; 6.550 ;       ;       ; 6.550 ;
; DA[3]      ; I_O_A[3]    ; 6.294 ;       ;       ; 6.294 ;
; DA[3]      ; I_O_A[4]    ; 6.499 ;       ;       ; 6.499 ;
; DA[3]      ; I_O_A[5]    ; 6.703 ;       ;       ; 6.703 ;
; DA[3]      ; I_O_A[6]    ; 7.698 ;       ;       ; 7.698 ;
; DA[3]      ; I_O_A[7]    ; 7.424 ;       ;       ; 7.424 ;
; DA[3]      ; MA[0]       ;       ; 5.466 ; 5.466 ;       ;
; DA[3]      ; MA[1]       ;       ; 6.804 ; 6.804 ;       ;
; DA[3]      ; MA[2]       ;       ; 6.359 ; 6.359 ;       ;
; DA[3]      ; MA[3]       ; 6.852 ; 6.674 ; 6.674 ; 6.852 ;
; DA[3]      ; MA[4]       ;       ; 5.663 ; 5.663 ;       ;
; DA[3]      ; MA[5]       ;       ; 6.999 ; 6.999 ;       ;
; DA[3]      ; MA[6]       ;       ; 5.761 ; 5.761 ;       ;
; DA[3]      ; MA[7]       ;       ; 5.638 ; 5.638 ;       ;
; DA[4]      ; I_O_A[0]    ; 7.489 ;       ;       ; 7.489 ;
; DA[4]      ; I_O_A[1]    ; 7.268 ;       ;       ; 7.268 ;
; DA[4]      ; I_O_A[2]    ; 6.560 ;       ;       ; 6.560 ;
; DA[4]      ; I_O_A[3]    ; 6.304 ;       ;       ; 6.304 ;
; DA[4]      ; I_O_A[4]    ; 6.509 ;       ;       ; 6.509 ;
; DA[4]      ; I_O_A[5]    ; 6.713 ;       ;       ; 6.713 ;
; DA[4]      ; I_O_A[6]    ; 7.708 ;       ;       ; 7.708 ;
; DA[4]      ; I_O_A[7]    ; 7.434 ;       ;       ; 7.434 ;
; DA[4]      ; MA[0]       ;       ; 5.476 ; 5.476 ;       ;
; DA[4]      ; MA[1]       ;       ; 6.814 ; 6.814 ;       ;
; DA[4]      ; MA[2]       ;       ; 6.369 ; 6.369 ;       ;
; DA[4]      ; MA[3]       ;       ; 6.684 ; 6.684 ;       ;
; DA[4]      ; MA[4]       ; 5.655 ; 5.673 ; 5.673 ; 5.655 ;
; DA[4]      ; MA[5]       ;       ; 7.009 ; 7.009 ;       ;
; DA[4]      ; MA[6]       ;       ; 5.771 ; 5.771 ;       ;
; DA[4]      ; MA[7]       ;       ; 5.648 ; 5.648 ;       ;
; DA[5]      ; I_O_A[0]    ; 8.170 ;       ;       ; 8.170 ;
; DA[5]      ; I_O_A[1]    ; 7.949 ;       ;       ; 7.949 ;
; DA[5]      ; I_O_A[2]    ; 7.241 ;       ;       ; 7.241 ;
; DA[5]      ; I_O_A[3]    ; 6.985 ;       ;       ; 6.985 ;
; DA[5]      ; I_O_A[4]    ; 7.190 ;       ;       ; 7.190 ;
; DA[5]      ; I_O_A[5]    ; 7.394 ;       ;       ; 7.394 ;
; DA[5]      ; I_O_A[6]    ; 8.389 ;       ;       ; 8.389 ;
; DA[5]      ; I_O_A[7]    ; 8.115 ;       ;       ; 8.115 ;
; DA[5]      ; MA[0]       ;       ; 6.157 ; 6.157 ;       ;
; DA[5]      ; MA[1]       ;       ; 7.495 ; 7.495 ;       ;
; DA[5]      ; MA[2]       ;       ; 7.050 ; 7.050 ;       ;
; DA[5]      ; MA[3]       ;       ; 7.365 ; 7.365 ;       ;
; DA[5]      ; MA[4]       ;       ; 6.354 ; 6.354 ;       ;
; DA[5]      ; MA[5]       ; 7.328 ; 7.690 ; 7.690 ; 7.328 ;
; DA[5]      ; MA[6]       ;       ; 6.452 ; 6.452 ;       ;
; DA[5]      ; MA[7]       ;       ; 6.329 ; 6.329 ;       ;
; DA[6]      ; I_O_A[0]    ; 7.536 ;       ;       ; 7.536 ;
; DA[6]      ; I_O_A[1]    ; 7.315 ;       ;       ; 7.315 ;
; DA[6]      ; I_O_A[2]    ; 6.607 ;       ;       ; 6.607 ;
; DA[6]      ; I_O_A[3]    ; 6.351 ;       ;       ; 6.351 ;
; DA[6]      ; I_O_A[4]    ; 6.556 ;       ;       ; 6.556 ;
; DA[6]      ; I_O_A[5]    ; 6.760 ;       ;       ; 6.760 ;
; DA[6]      ; I_O_A[6]    ; 7.755 ;       ;       ; 7.755 ;
; DA[6]      ; I_O_A[7]    ; 7.481 ;       ;       ; 7.481 ;
; DA[6]      ; MA[0]       ;       ; 5.523 ; 5.523 ;       ;
; DA[6]      ; MA[1]       ;       ; 6.861 ; 6.861 ;       ;
; DA[6]      ; MA[2]       ;       ; 6.416 ; 6.416 ;       ;
; DA[6]      ; MA[3]       ;       ; 6.731 ; 6.731 ;       ;
; DA[6]      ; MA[4]       ;       ; 5.720 ; 5.720 ;       ;
; DA[6]      ; MA[5]       ;       ; 7.056 ; 7.056 ;       ;
; DA[6]      ; MA[6]       ; 5.399 ; 5.818 ; 5.818 ; 5.399 ;
; DA[6]      ; MA[7]       ;       ; 5.695 ; 5.695 ;       ;
; DA[7]      ; I_O_A[0]    ; 5.011 ;       ;       ; 5.011 ;
; DA[7]      ; I_O_A[1]    ; 4.791 ;       ;       ; 4.791 ;
; DA[7]      ; I_O_A[2]    ; 4.082 ;       ;       ; 4.082 ;
; DA[7]      ; I_O_A[3]    ; 3.827 ;       ;       ; 3.827 ;
; DA[7]      ; I_O_A[4]    ; 4.031 ;       ;       ; 4.031 ;
; DA[7]      ; I_O_A[5]    ; 4.236 ;       ;       ; 4.236 ;
; DA[7]      ; I_O_A[6]    ; 5.230 ;       ;       ; 5.230 ;
; DA[7]      ; I_O_A[7]    ; 4.957 ;       ;       ; 4.957 ;
; DA[7]      ; MA[0]       ;       ; 3.025 ; 3.025 ;       ;
; DA[7]      ; MA[1]       ;       ; 4.295 ; 4.295 ;       ;
; DA[7]      ; MA[2]       ;       ; 3.849 ; 3.849 ;       ;
; DA[7]      ; MA[3]       ;       ; 4.232 ; 4.232 ;       ;
; DA[7]      ; MA[4]       ;       ; 3.148 ; 3.148 ;       ;
; DA[7]      ; MA[5]       ;       ; 4.559 ; 4.559 ;       ;
; DA[7]      ; MA[6]       ;       ; 3.321 ; 3.321 ;       ;
; DA[7]      ; MA[7]       ; 3.130 ;       ;       ; 3.130 ;
; IA[0]      ; MA[0]       ; 5.749 ;       ;       ; 5.749 ;
; IA[1]      ; MA[1]       ; 6.990 ;       ;       ; 6.990 ;
; IA[2]      ; MA[2]       ; 6.392 ;       ;       ; 6.392 ;
; IA[3]      ; MA[3]       ; 6.859 ;       ;       ; 6.859 ;
; IA[4]      ; MA[4]       ; 5.588 ;       ;       ; 5.588 ;
; IA[5]      ; MA[5]       ; 6.806 ;       ;       ; 6.806 ;
; IA[6]      ; MA[6]       ; 5.371 ;       ;       ; 5.371 ;
; IA[7]      ; MA[7]       ; 6.006 ;       ;       ; 6.006 ;
; sel        ; I_O_A[0]    ; 5.165 ;       ;       ; 5.165 ;
; sel        ; I_O_A[1]    ; 4.958 ;       ;       ; 4.958 ;
; sel        ; I_O_A[2]    ; 4.236 ;       ;       ; 4.236 ;
; sel        ; I_O_A[3]    ; 3.994 ;       ;       ; 3.994 ;
; sel        ; I_O_A[4]    ; 4.185 ;       ;       ; 4.185 ;
; sel        ; I_O_A[5]    ; 4.403 ;       ;       ; 4.403 ;
; sel        ; I_O_A[6]    ; 5.384 ;       ;       ; 5.384 ;
; sel        ; I_O_A[7]    ; 5.124 ;       ;       ; 5.124 ;
; sel        ; MA[0]       ; 3.384 ; 3.180 ; 3.180 ; 3.384 ;
; sel        ; MA[1]       ; 4.882 ; 4.458 ; 4.458 ; 4.882 ;
; sel        ; MA[2]       ; 4.157 ; 3.995 ; 3.995 ; 4.157 ;
; sel        ; MA[3]       ; 4.625 ; 4.401 ; 4.401 ; 4.625 ;
; sel        ; MA[4]       ; 3.605 ; 3.238 ; 3.238 ; 3.605 ;
; sel        ; MA[5]       ; 4.729 ; 4.467 ; 4.467 ; 4.729 ;
; sel        ; MA[6]       ; 3.491 ; 3.242 ; 3.242 ; 3.491 ;
; sel        ; MA[7]       ; 3.296 ; 3.296 ; 3.296 ; 3.296 ;
+------------+-------------+-------+-------+-------+-------+


-------------------
; Clock Transfers ;
-------------------
Nothing to report.


---------------
; Report TCCS ;
---------------
No dedicated SERDES Transmitter circuitry present in device or used in design


---------------
; Report RSKM ;
---------------
No dedicated SERDES Receiver circuitry present in device or used in design


+------------------------------------------------+
; Unconstrained Paths                            ;
+---------------------------------+-------+------+
; Property                        ; Setup ; Hold ;
+---------------------------------+-------+------+
; Illegal Clocks                  ; 0     ; 0    ;
; Unconstrained Clocks            ; 0     ; 0    ;
; Unconstrained Input Ports       ; 17    ; 17   ;
; Unconstrained Input Port Paths  ; 131   ; 131  ;
; Unconstrained Output Ports      ; 16    ; 16   ;
; Unconstrained Output Port Paths ; 131   ; 131  ;
+---------------------------------+-------+------+


+------------------------------------+
; TimeQuest Timing Analyzer Messages ;
+------------------------------------+
Info: *******************************************************************
Info: Running Quartus II 32-bit TimeQuest Timing Analyzer
    Info: Version 12.0 Build 178 05/31/2012 SJ Web Edition
    Info: Processing started: Mon Oct 08 16:30:42 2012
Info: Command: quartus_sta addr_decode -c addr_decode
Info: qsta_default_script.tcl version: #4
Warning (20028): Parallel compilation is not licensed and has been disabled
Info (21077): Low junction temperature is 0 degrees C
Info (21077): High junction temperature is 85 degrees C
Critical Warning (332012): Synopsys Design Constraints File file not found: 'addr_decode.sdc'. A Synopsys Design Constraints File is required by the TimeQuest Timing Analyzer to get proper timing constraints. Without it, the Compiler will not properly optimize the design.
Info (332142): No user constrained base clocks found in the design. Calling "derive_clocks -period 1.0"
Info (332096): The command derive_clocks did not find any clocks to derive.  No clocks were created or changed.
Warning (332068): No clocks defined in design.
Info: Found TIMEQUEST_REPORT_SCRIPT_INCLUDE_DEFAULT_ANALYSIS = ON
Info (332159): No clocks to report
Info: Analyzing Slow Model
Info (332140): No fmax paths to report
Info (332140): No Setup paths to report
Info (332140): No Hold paths to report
Info (332140): No Recovery paths to report
Info (332140): No Removal paths to report
Info (332140): No Minimum Pulse Width paths to report
Info (332001): The selected device family is not supported by the report_metastability command.
Info: Analyzing Fast Model
Info (332142): No user constrained base clocks found in the design. Calling "derive_clocks -period 1.0"
Info (332096): The command derive_clocks did not find any clocks to derive.  No clocks were created or changed.
Warning (332068): No clocks defined in design.
Info (332140): No Setup paths to report
Info (332140): No Hold paths to report
Info (332140): No Recovery paths to report
Info (332140): No Removal paths to report
Info (332140): No Minimum Pulse Width paths to report
Info (332001): The selected device family is not supported by the report_metastability command.
Info (332102): Design is not fully constrained for setup requirements
Info (332102): Design is not fully constrained for hold requirements
Info: Quartus II 32-bit TimeQuest Timing Analyzer was successful. 0 errors, 4 warnings
    Info: Peak virtual memory: 288 megabytes
    Info: Processing ended: Mon Oct 08 16:30:43 2012
    Info: Elapsed time: 00:00:01
    Info: Total CPU time (on all processors): 00:00:02


